<html>
<body>
<pre>
<h1>µVision Build Log</h1>
<h2>Tool Versions:</h2>
IDE-Version: µVision V5.23.0.0
Copyright (C) 2017 ARM Ltd and ARM Germany GmbH. All rights reserved.
License Information: CSN CSN, INSA de Toulouse, LIC=----
 
Tool Versions:
Toolchain:       MDK-Lite  Version: 5.23
Toolchain Path:  C:\Keil_v5\ARM\ARMCC\Bin
C Compiler:      Armcc.exe V5.06 update 4 (build 422)
Assembler:       Armasm.exe V5.06 update 4 (build 422)
Linker/Locator:  ArmLink.exe V5.06 update 4 (build 422)
Library Manager: ArmAr.exe V5.06 update 4 (build 422)
Hex Converter:   FromElf.exe V5.06 update 4 (build 422)
CPU DLL:         SARMCM3.DLL V5.23
Dialog DLL:      DARMSTM.DLL V1.68.0.0
Target DLL:      STLink\ST-LINKIII-KEIL_SWO.dll V2.0.18.0
Dialog DLL:      TARMSTM.DLL V1.66.0.0
 
<h2>Project:</h2>
U:\Projet Voiture\tempo\Motor_Command\MDK-ARM\voiture_test.uvprojx
Project File Date:  12/22/2017

<h2>Output:</h2>
*** Using Compiler 'V5.06 update 4 (build 422)', folder: 'C:\Keil_v5\ARM\ARMCC\Bin'
Rebuild target 'NUCLEO-F103RB'
compiling battery.c...
compiling main.c...
..\lib\Drivers_Car\inc\API_CAN.h(94): warning:  #1-D: last line of file ends without a newline
   	
..\lib\StdPeriph_Ex\inc\usart.h(18): warning:  #1-D: last line of file ends without a newline
   	
..\lib\Drivers_Car\inc\hall_sensors.h(83): warning:  #1-D: last line of file ends without a newline
   
..\lib\Drivers_Car\inc\API_CAN.h(87): warning:  #1295-D: Deprecated declaration fill_structure_CAN2 - give arg types
  	data_orientation fill_structure_CAN2();
..\lib\Drivers_Car\inc\API_CAN.h(94): warning:  #1-D: last line of file ends without a newline
   	
..\app\main.c: 5 warnings, 0 errors
compiling manager.c...
..\lib\Drivers_Car\inc\hall_sensors.h(83): warning:  #1-D: last line of file ends without a newline
   
..\lib\Drivers_Car\inc\API_CAN.h(94): warning:  #1-D: last line of file ends without a newline
   	
..\lib\StdPeriph_Ex\inc\usart.h(18): warning:  #1-D: last line of file ends without a newline
   	
..\lib\Drivers_Car\inc\API_CAN.h(87): warning:  #1295-D: Deprecated declaration fill_structure_CAN2 - give arg types
  	data_orientation fill_structure_CAN2();
..\lib\Drivers_Car\inc\API_CAN.h(94): warning:  #1-D: last line of file ends without a newline
   	
..\app\manager.c: 5 warnings, 0 errors
compiling data_interface.c...
compiling direction.c...
compiling driver_callbacks.c...
compiling frame_check.c...
compiling hall_sensors.c...
..\lib\Drivers_Car\inc\hall_sensors.h(83): warning:  #1-D: last line of file ends without a newline
   
..\lib\Drivers_Car\src\hall_sensors.c: 1 warning, 0 errors
compiling front_motor.c...
..\lib\Drivers_Car\inc\API_CAN.h(94): warning:  #1-D: last line of file ends without a newline
   	
..\lib\StdPeriph_Ex\inc\usart.h(18): warning:  #1-D: last line of file ends without a newline
   	
..\lib\Drivers_Car\inc\hall_sensors.h(83): warning:  #1-D: last line of file ends without a newline
   
..\lib\Drivers_Car\inc\API_CAN.h(87): warning:  #1295-D: Deprecated declaration fill_structure_CAN2 - give arg types
  	data_orientation fill_structure_CAN2();
..\lib\Drivers_Car\inc\API_CAN.h(94): warning:  #1-D: last line of file ends without a newline
   	
..\lib\Drivers_Car\src\front_motor.c: 5 warnings, 0 errors
compiling init.c...
..\lib\Drivers_Car\inc\hall_sensors.h(83): warning:  #1-D: last line of file ends without a newline
   
..\lib\Drivers_Car\src\init.c: 1 warning, 0 errors
compiling motors.c...
compiling position_sensors.c...
..\lib\Drivers_Car\inc\hall_sensors.h(83): warning:  #1-D: last line of file ends without a newline
   
..\lib\Drivers_Car\src\position_sensors.c: 1 warning, 0 errors
compiling rear_motors.c...
..\lib\Drivers_Car\inc\hall_sensors.h(83): warning:  #1-D: last line of file ends without a newline
   
..\lib\Drivers_Car\inc\API_CAN.h(94): warning:  #1-D: last line of file ends without a newline
   	
..\lib\StdPeriph_Ex\inc\usart.h(18): warning:  #1-D: last line of file ends without a newline
   	
..\lib\Drivers_Car\inc\API_CAN.h(87): warning:  #1295-D: Deprecated declaration fill_structure_CAN2 - give arg types
  	data_orientation fill_structure_CAN2();
..\lib\Drivers_Car\inc\API_CAN.h(94): warning:  #1-D: last line of file ends without a newline
   	
..\lib\Drivers_Car\src\rear_motors.c(141): warning:  #550-D: variable "AW_f"  was set but never used
  	float AW_f = 0. /*Action de l'anti_windup */, K_AW = 0.1;  //Coefficient de l'Anti-windup
..\lib\Drivers_Car\src\rear_motors.c(144): warning:  #177-D: variable "Ki"  was declared but never referenced
  	float Kp = 1. , Ki = 0.1 ;
..\lib\Drivers_Car\src\rear_motors.c(148): warning:  #550-D: variable "previous_state_offseted"  was set but never used
  	float previous_state_offseted  = output_offseted;
..\lib\Drivers_Car\src\rear_motors.c(189): warning:  #177-D: variable "current_ok"  was declared but never referenced
  	int current_ok = 0;
..\lib\Drivers_Car\src\rear_motors.c: 9 warnings, 0 errors
compiling spi_comm.c...
compiling speed_sensors.c...
..\lib\Drivers_Car\inc\hall_sensors.h(83): warning:  #1-D: last line of file ends without a newline
   
..\lib\Drivers_Car\src\speed_sensors.c: 1 warning, 0 errors
compiling us_sensors.c...
compiling API_CAN.c...
..\lib\Drivers_Car\inc\API_CAN.h(94): warning:  #1-D: last line of file ends without a newline
   	
..\lib\StdPeriph_Ex\inc\usart.h(18): warning:  #1-D: last line of file ends without a newline
   	
..\lib\Drivers_Car\inc\hall_sensors.h(83): warning:  #1-D: last line of file ends without a newline
   
..\lib\Drivers_Car\inc\API_CAN.h(87): warning:  #1295-D: Deprecated declaration fill_structure_CAN2 - give arg types
  	data_orientation fill_structure_CAN2();
..\lib\Drivers_Car\inc\API_CAN.h(94): warning:  #1-D: last line of file ends without a newline
   	
..\lib\Drivers_Car\src\API_CAN.c: 5 warnings, 0 errors
compiling system_time.c...
..\lib\Drivers_Car\inc\API_CAN.h(94): warning:  #1-D: last line of file ends without a newline
   	
..\lib\StdPeriph_Ex\inc\usart.h(18): warning:  #1-D: last line of file ends without a newline
   	
..\lib\Drivers_Car\inc\hall_sensors.h(83): warning:  #1-D: last line of file ends without a newline
   
..\lib\Drivers_Car\inc\API_CAN.h(87): warning:  #1295-D: Deprecated declaration fill_structure_CAN2 - give arg types
  	data_orientation fill_structure_CAN2();
..\lib\Drivers_Car\inc\API_CAN.h(94): warning:  #1-D: last line of file ends without a newline
   	
..\lib\Drivers_Car\src\system_time.c: 5 warnings, 0 errors
compiling Timer_1234.c...
compiling IT.c...
compiling clock.c...
compiling adc.c...
compiling debug.c...
compiling dma.c...
compiling exti.c...
compiling gpio.c...
compiling nvic.c...
compiling pwm.c...
compiling spi.c...
compiling systick.c...
compiling tim.c...
compiling tim_ic.c...
compiling CAN.c...
compiling it_handlers.c...
compiling misc.c...
compiling usart.c...
..\lib\StdPeriph_Ex\inc\usart.h(18): warning:  #1-D: last line of file ends without a newline
   	
..\lib\Drivers_Car\inc\hall_sensors.h(83): warning:  #1-D: last line of file ends without a newline
   
..\lib\Drivers_Car\inc\API_CAN.h(87): warning:  #1295-D: Deprecated declaration fill_structure_CAN2 - give arg types
  	data_orientation fill_structure_CAN2();
..\lib\Drivers_Car\inc\API_CAN.h(94): warning:  #1-D: last line of file ends without a newline
   	
..\lib\StdPeriph_Ex\inc\usart.h(18): warning:  #1-D: last line of file ends without a newline
   	
..\lib\StdPeriph_Ex\src\usart.c(60): warning:  #1-D: last line of file ends without a newline
   
..\lib\StdPeriph_Ex\src\usart.c: 6 warnings, 0 errors
compiling stm32f10x_adc.c...
compiling stm32f10x_bkp.c...
compiling stm32f10x_can.c...
compiling stm32f10x_cec.c...
compiling stm32f10x_crc.c...
compiling stm32f10x_dac.c...
compiling stm32f10x_dbgmcu.c...
compiling stm32f10x_dma.c...
compiling stm32f10x_exti.c...
compiling stm32f10x_flash.c...
compiling stm32f10x_fsmc.c...
compiling stm32f10x_gpio.c...
compiling stm32f10x_i2c.c...
compiling stm32f10x_iwdg.c...
compiling stm32f10x_pwr.c...
compiling stm32f10x_rtc.c...
compiling stm32f10x_rcc.c...
compiling stm32f10x_sdio.c...
compiling stm32f10x_spi.c...
compiling stm32f10x_tim.c...
compiling stm32f10x_usart.c...
compiling stm32f10x_wwdg.c...
compiling core_cm3.c...
assembling startup_stm32f10x_md.s...
compiling system_stm32f10x.c...
linking...
Program Size: Code=24704 RO-data=268 RW-data=280 ZI-data=1768  
".\Release\project.axf" - 0 Error(s), 44 Warning(s).

<h2>Software Packages used:</h2>

Package Vendor: ARM
                http://www.keil.com/pack/ARM.CMSIS.5.2.0.pack
                ARM::CMSIS:CORE:5.0.2
                CMSIS (Cortex Microcontroller Software Interface Standard)
   * Component: CORE Version: 5.0.2

<h2>Collection of Component include folders:</h2>
  .\RTE\_NUCLEO-F103RB
  C:\Keil_v5\ARM\PACK\ARM\CMSIS\5.2.0\CMSIS\Include
  C:\Keil_v5\ARM\PACK\Keil\STM32F1xx_DFP\2.2.0\Device\Include

<h2>Collection of Component Files used:</h2>

   * Component: ARM::CMSIS:CORE:5.0.2
Build Time Elapsed:  00:00:32
</pre>
</body>
</html>
